2025-08-26 03:54:33,146 - WARNING - Local model not initialized; using fallback suggestions
2025-08-26 03:54:33,148 - WARNING - Local model not initialized; using fallback ATS score
2025-08-26 12:33:44,841 - INFO - Hugging Face authentication successful.
2025-08-26 12:33:44,841 - INFO - Loading tokenizer for google/gemma-3-1b-it
2025-08-26 12:33:45,105 - ERROR - Failed to load google/gemma-3-1b-it: You are trying to access a gated repo.
Make sure to have access to it at https://huggingface.co/google/gemma-3-1b-it.
403 Client Error. (Request ID: Root=1-68ad5c53-5769259676c4acdc7e802703;203d9cd7-1ab1-45cc-94d4-89e3e1afbe08)

Cannot access gated repo for url https://huggingface.co/google/gemma-3-1b-it/resolve/main/config.json.
Your request to access model google/gemma-3-1b-it is awaiting a review from the repo authors.
2025-08-26 12:33:45,105 - WARNING - Using fallback response.
2025-08-26 12:34:51,833 - INFO - Hugging Face authentication successful.
2025-08-26 12:34:51,833 - INFO - Loading tokenizer for google/gemma-3-1b-it
2025-08-26 12:34:53,069 - WARNING - Xet Storage is enabled for this repo, but the 'hf_xet' package is not installed. Falling back to regular HTTP download. For better performance, install the package with: `pip install huggingface_hub[hf_xet]` or `pip install hf_xet`
2025-08-26 12:34:54,086 - WARNING - Xet Storage is enabled for this repo, but the 'hf_xet' package is not installed. Falling back to regular HTTP download. For better performance, install the package with: `pip install huggingface_hub[hf_xet]` or `pip install hf_xet`
2025-08-26 12:35:02,892 - INFO - Loading model google/gemma-3-1b-it
2025-08-26 12:35:03,474 - WARNING - The 8-bit optimizer is not available on your device, only available on CUDA for now.
2025-08-26 12:35:04,045 - WARNING - Xet Storage is enabled for this repo, but the 'hf_xet' package is not installed. Falling back to regular HTTP download. For better performance, install the package with: `pip install huggingface_hub[hf_xet]` or `pip install hf_xet`
2025-08-26 12:41:23,590 - WARNING - Some parameters are on the meta device device because they were offloaded to the cpu.
2025-08-26 12:41:23,592 - INFO - Model and tokenizer loaded successfully.
2025-08-26 12:41:23,605 - INFO - Input prepared successfully.
2025-08-26 12:41:23,606 - ERROR - Error generating output: transformers.generation.utils.GenerationMixin.generate() argument after ** must be a mapping, not Tensor
2025-08-26 12:41:42,039 - INFO - Hugging Face authentication successful.
2025-08-26 12:41:42,039 - INFO - Loading tokenizer for google/gemma-3-1b-it
2025-08-26 12:41:43,821 - INFO - Loading model google/gemma-3-1b-it
2025-08-26 12:41:44,062 - WARNING - The 8-bit optimizer is not available on your device, only available on CUDA for now.
2025-08-26 12:42:19,966 - WARNING - Some parameters are on the meta device device because they were offloaded to the cpu.
2025-08-26 12:42:19,968 - INFO - Model and tokenizer loaded successfully.
2025-08-26 12:42:19,980 - INFO - Input prepared successfully.
2025-08-26 12:42:19,981 - ERROR - Error generating output: transformers.generation.utils.GenerationMixin.generate() argument after ** must be a mapping, not Tensor
